// Jest Snapshot v1, https://goo.gl/fbAQLP

exports[`components/Modal <BasicModal /> Run Snapshot Test 1`] = `
.emotion-0 {
  width: auto;
  min-width: 85px;
  padding-top: 0.875em;
  padding-bottom: 0.875em;
  padding-left: 1.5em;
  padding-right: 1.5em;
  font-size: 0.875rem;
  font-weight: bold;
  text-transform: none;
  -webkit-text-decoration: none;
  text-decoration: none;
  border-width: 1px;
  border-style: solid;
  border-radius: 4px;
  border-color: rgba(20, 184, 166, 1);
  background-color: rgba(20, 184, 166, 1);
  color: white;
  transition-property: color,background-color,box-shadow,border-color;
  transition-duration: 0.2s;
  transition-timing-function: ease-in-out;
}

.emotion-0:hover {
  color: "auto";
  background-color: rgba(13, 148, 136, 1);
  border-color: rgba(13, 148, 136, 1);
  cursor: pointer;
  box-shadow: 0px 3px 1px -2px rgb(0 0 0 / 20%),0px 2px 2px 0px rgb(0 0 0 / 14%),0px 1px 5px 0px rgb(0 0 0 / 12%);
  white-space: nowrap;
}

.emotion-0 .Ursa-ButtonIconLabel {
  display: -webkit-box;
  display: -webkit-flex;
  display: -ms-flexbox;
  display: flex;
  justify-content:center align-items: center;
  gap: 0.5em;
}

.emotion-0 .Ursa-Icon {
  margin: auto;
}

<div
  className=Ursa-ModalProvider
>
  <div
    className=Ursa-ButtonContainer
  >
    <button
      className=Ursa-Button emotion-0
      onClick={[Function]}
      role=button
      type=button
    >
      Open
    </button>
  </div>
</div>
`;
